{
  "version": "1.5.0",
  "plugins_used": [
    {
      "name": "ArtifactoryDetector"
    },
    {
      "name": "AWSKeyDetector"
    },
    {
      "name": "AzureStorageKeyDetector"
    },
    {
      "name": "Base64HighEntropyString",
      "limit": 4.5
    },
    {
      "name": "BasicAuthDetector"
    },
    {
      "name": "CloudantDetector"
    },
    {
      "name": "DiscordBotTokenDetector"
    },
    {
      "name": "GitHubTokenDetector"
    },
    {
      "name": "GitLabTokenDetector"
    },
    {
      "name": "HexHighEntropyString",
      "limit": 3.0
    },
    {
      "name": "IbmCloudIamDetector"
    },
    {
      "name": "IbmCosHmacDetector"
    },
    {
      "name": "IPPublicDetector"
    },
    {
      "name": "JwtTokenDetector"
    },
    {
      "name": "KeywordDetector",
      "keyword_exclude": ""
    },
    {
      "name": "MailchimpDetector"
    },
    {
      "name": "NpmDetector"
    },
    {
      "name": "OpenAIDetector"
    },
    {
      "name": "PrivateKeyDetector"
    },
    {
      "name": "PypiTokenDetector"
    },
    {
      "name": "SendGridDetector"
    },
    {
      "name": "SlackDetector"
    },
    {
      "name": "SoftlayerDetector"
    },
    {
      "name": "SquareOAuthDetector"
    },
    {
      "name": "StripeDetector"
    },
    {
      "name": "TelegramBotTokenDetector"
    },
    {
      "name": "TwilioKeyDetector"
    }
  ],
  "filters_used": [
    {
      "path": "detect_secrets.filters.allowlist.is_line_allowlisted"
    },
    {
      "path": "detect_secrets.filters.common.is_baseline_file",
      "filename": ".secrets.baseline"
    },
    {
      "path": "detect_secrets.filters.common.is_ignored_due_to_verification_policies",
      "min_level": 2
    },
    {
      "path": "detect_secrets.filters.heuristic.is_indirect_reference"
    },
    {
      "path": "detect_secrets.filters.heuristic.is_likely_id_string"
    },
    {
      "path": "detect_secrets.filters.heuristic.is_lock_file"
    },
    {
      "path": "detect_secrets.filters.heuristic.is_not_alphanumeric_string"
    },
    {
      "path": "detect_secrets.filters.heuristic.is_potential_uuid"
    },
    {
      "path": "detect_secrets.filters.heuristic.is_prefixed_with_dollar_sign"
    },
    {
      "path": "detect_secrets.filters.heuristic.is_sequential_string"
    },
    {
      "path": "detect_secrets.filters.heuristic.is_swagger_file"
    },
    {
      "path": "detect_secrets.filters.heuristic.is_templated_secret"
    },
    {
      "path": "detect_secrets.filters.regex.should_exclude_file",
      "pattern": [
        "node_modules/.*",
        "\\.git/.*",
        ".*\\.lock$",
        "package-lock\\.json",
        ".*\\.next/.*",
        ".*__pycache__.*",
        "\\.secrets\\.baseline",
        "structurizr/workspace\\.json"
      ]
    }
  ],
  "results": {
    ".mcp.json": [
      {
        "type": "Base64 High Entropy String",
        "filename": ".mcp.json",
        "hashed_secret": "2d78f0f378cc0ad0f316337425912221b80ab69f",
        "is_verified": false,
        "line_number": 28
      }
    ],
    "app/controlroom_backend/tests/conftest.py": [
      {
        "type": "Basic Auth Credentials",
        "filename": "app/controlroom_backend/tests/conftest.py",
        "hashed_secret": "9a12c50f2f23af9f1a313af952aee2b30627ac7b",
        "is_verified": false,
        "line_number": 25
      }
    ],
    "app/controlroom_backend/tests/test_auth.py": [
      {
        "type": "Secret Keyword",
        "filename": "app/controlroom_backend/tests/test_auth.py",
        "hashed_secret": "e5e9fa1ba31ecd1ae84f75caaa474f3a663f05f4",
        "is_verified": false,
        "line_number": 18
      },
      {
        "type": "Secret Keyword",
        "filename": "app/controlroom_backend/tests/test_auth.py",
        "hashed_secret": "a4b48a81cdab1e1a5dd37907d6c85ca1c61ddc7c",
        "is_verified": false,
        "line_number": 33
      },
      {
        "type": "Secret Keyword",
        "filename": "app/controlroom_backend/tests/test_auth.py",
        "hashed_secret": "8867c88b56e0bfb82cffaf15a66bc8d107d6754a",
        "is_verified": false,
        "line_number": 41
      }
    ],
    "app/controlroom_backend/tests/test_benchmarks.py": [
      {
        "type": "Basic Auth Credentials",
        "filename": "app/controlroom_backend/tests/test_benchmarks.py",
        "hashed_secret": "9a12c50f2f23af9f1a313af952aee2b30627ac7b",
        "is_verified": false,
        "line_number": 36
      }
    ],
    "app/controlroom_backend/tests/test_rbac.py": [
      {
        "type": "Secret Keyword",
        "filename": "app/controlroom_backend/tests/test_rbac.py",
        "hashed_secret": "9d4e1e23bd5b727046a9e3b4b7db57bd8d6ee684",
        "is_verified": false,
        "line_number": 196
      }
    ],
    "app/controlroom_backend/tests/test_users.py": [
      {
        "type": "Secret Keyword",
        "filename": "app/controlroom_backend/tests/test_users.py",
        "hashed_secret": "6c55803d6f1d7a177a0db3eb4b343b0d50f9c111",
        "is_verified": false,
        "line_number": 51
      },
      {
        "type": "Secret Keyword",
        "filename": "app/controlroom_backend/tests/test_users.py",
        "hashed_secret": "9d4e1e23bd5b727046a9e3b4b7db57bd8d6ee684",
        "is_verified": false,
        "line_number": 74
      },
      {
        "type": "Secret Keyword",
        "filename": "app/controlroom_backend/tests/test_users.py",
        "hashed_secret": "d0941e68da8f38151ff86a61fc59f7c5cf9fcaa2",
        "is_verified": false,
        "line_number": 79
      },
      {
        "type": "Secret Keyword",
        "filename": "app/controlroom_backend/tests/test_users.py",
        "hashed_secret": "c2a6b03f190dfb2b4aa91f8af8d477a9bc3401dc",
        "is_verified": false,
        "line_number": 95
      },
      {
        "type": "Secret Keyword",
        "filename": "app/controlroom_backend/tests/test_users.py",
        "hashed_secret": "f2c57870308dc87f432e5912d4de6f8e322721ba",
        "is_verified": false,
        "line_number": 103
      }
    ],
    "docker-compose.dev.yml": [
      {
        "type": "Secret Keyword",
        "filename": "docker-compose.dev.yml",
        "hashed_secret": "9a12c50f2f23af9f1a313af952aee2b30627ac7b",
        "is_verified": false,
        "line_number": 11
      },
      {
        "type": "Secret Keyword",
        "filename": "docker-compose.dev.yml",
        "hashed_secret": "68b3ab5f7810a9984bd8f46d53de0abf35f613f9",
        "is_verified": false,
        "line_number": 24
      }
    ],
    "docker-compose.yml": [
      {
        "type": "Secret Keyword",
        "filename": "docker-compose.yml",
        "hashed_secret": "9a12c50f2f23af9f1a313af952aee2b30627ac7b",
        "is_verified": false,
        "line_number": 8
      }
    ],
    "test.config.yaml": [
      {
        "type": "Secret Keyword",
        "filename": "test.config.yaml",
        "hashed_secret": "9a12c50f2f23af9f1a313af952aee2b30627ac7b",
        "is_verified": false,
        "line_number": 6
      }
    ],
    "util/reseed.py": [
      {
        "type": "Secret Keyword",
        "filename": "util/reseed.py",
        "hashed_secret": "9a12c50f2f23af9f1a313af952aee2b30627ac7b",
        "is_verified": false,
        "line_number": 24
      }
    ]
  },
  "generated_at": "2026-04-19T13:48:48Z"
}
